// Jest Snapshot v1, https://goo.gl/fbAQLP

exports[`AddProperty renders correctly 1`] = `
<DocumentFragment>
  <div
    class="add-property"
    data-testid="Addproperty"
  >
    <form>
      <label
        class="form-label"
        data-testid="ap_title-id"
        for="title"
      >
        Title
        <input
          id="title"
          name="title"
          placeholder="Property Description"
          required=""
          type="text"
          value=""
        />
      </label>
      <label
        class="form-label"
        data-testid="ap_city-id"
        for="city"
      >
        <select
          id="city"
          name="city"
          required=""
        >
          <option
            value=""
          >
            Choose a city
          </option>
          <option
            value="Manchester"
          >
            Manchester
          </option>
          <option
            value="Leeds"
          >
            Leeds
          </option>
          <option
            value="Shefield"
          >
            Shefield
          </option>
          <option
            value="Liverpool"
          >
            Liverpool
          </option>
        </select>
      </label>
      <label
        class="form-label"
        data-testid="ap_type-id"
        for="type"
      >
        <select
          id="type"
          name="type"
          required=""
        >
          <option
            value=""
          >
            Choose a Property type
          </option>
          <option
            value="Flat"
          >
            Flat
          </option>
          <option
            value="Detached"
          >
            Detached
          </option>
          <option
            value="Semi-Detached"
          >
            Semi-Detached
          </option>
          <option
            value="Terraced"
          >
            Terraced
          </option>
          <option
            value="End of Terrace"
          >
            End of Terrace
          </option>
          <option
            value="Cottage"
          >
            Cottage
          </option>
          <option
            value="Bungalow"
          >
            Bungalow
          </option>
        </select>
      </label>
      <label
        class="form-label"
        data-testid="ap_bedrooms-id"
        for="bedrooms"
      >
        Bedrooms
        <input
          class="number-input"
          id="bedrooms"
          name="bedrooms"
          required=""
          type="number"
          value=""
        />
      </label>
      <label
        class="form-label"
        data-testid="ap_bathrooms-id"
        for="bathrooms"
      >
        Bathrooms
        <input
          class="number-input"
          id="bathrooms"
          name="bathrooms"
          required=""
          type="number"
          value=""
        />
      </label>
      <label
        class="form-label"
        data-testid="ap_price-id"
        for="price"
      >
        Price
        <span
          class="gbp"
        >
          <input
            class="number-input"
            id="price"
            name="price"
            placeholder="Enter whole GBP (Â£)"
            required=""
            type="number"
            value=""
          />
        </span>
      </label>
      <br />
      <label
        class="form-label"
        data-testid="ap_email-id"
        for="email"
      >
        Email
        <input
          class="email-input"
          id="email"
          name="email"
          placeholder="your email"
          required=""
          type="email"
          value=""
        />
      </label>
      <button
        class="add-property-button"
        type="submit"
      >
        Add
      </button>
    </form>
  </div>
</DocumentFragment>
`;
