// Jest Snapshot v1, https://goo.gl/fbAQLP

exports[`App renders correctly 1`] = `
<DocumentFragment>
  <div
    class="App"
  >
    <div
      class="navbar"
      data-testid="navbar-id"
    >
      <img
        alt="estate-logo"
        src="logo.png"
      />
      <ul
        class="navbar-links"
        data-testid="navbar-links-id"
      >
        <li
          class="navbar-links-item"
          data-testid="navbar-links-item-id"
        >
          <a
            href="/"
          >
            Home
          </a>
        </li>
        <li
          class="navbar-links-item"
          data-testid="navbar-links-item-id"
        >
          <a
            href="/properties"
          >
            View Property
          </a>
        </li>
        <li
          class="navbar-links-item"
          data-testid="navbar-links-item-id"
        >
          <a
            href="/add-property"
          >
            Add Property
          </a>
        </li>
        <li
          class="navbar-links-item"
          data-testid="navbar-links-item-id"
        >
          <a
            href="/favourites"
          >
            Favourites
          </a>
        </li>
        <form
          class="fb-sign-in-form"
          data-testid="fb-sign-in-form-id"
        >
          <h1>
            Something went wrong.
          </h1>
        </form>
      </ul>
    </div>
    <div>
      Home Page
    </div>
    <footer
      class="footer"
    >
      <div
        class="wrapper"
      >
        <div
          class="item"
        >
          <i
            class="fas fa-hand-point-right"
          />
        </div>
        <div
          class="footer-content"
        >
          <p>
            Aaron Hays 2020
          </p>
        </div>
        <div
          class="item"
        >
          <i
            class="fas fa-thumbs-up"
          />
        </div>
      </div>
    </footer>
  </div>
</DocumentFragment>
`;
