// Jest Snapshot v1, https://goo.gl/fbAQLP

exports[`FavouriteCard renders correctly 1`] = `
<DocumentFragment>
  <div
    class="favourite-card"
  >
    <div
      class="favourite-card_title"
      data-testid="fav_title-id"
    >
      1 bedroom house
    </div>
    <div
      class="favourite-card_city"
      data-testid="fav_city-id"
    >
      Brighton
    </div>
    <button
      class="delete-button"
      href="#"
      type="button"
    >
      <svg
        class="delete-sign"
        fill="currentColor"
        height="1em"
        stroke="currentColor"
        stroke-width="0"
        viewBox="0 0 448 512"
        width="1em"
        xmlns="http://www.w3.org/2000/svg"
      >
        <path
          d="M432 32H312l-9.4-18.7A24 24 0 0 0 281.1 0H166.8a23.72 23.72 0 0 0-21.4 13.3L136 32H16A16 16 0 0 0 0 48v32a16 16 0 0 0 16 16h416a16 16 0 0 0 16-16V48a16 16 0 0 0-16-16zM53.2 467a48 48 0 0 0 47.9 45h245.8a48 48 0 0 0 47.9-45L416 128H32z"
        />
      </svg>
      Remove
    </button>
  </div>
</DocumentFragment>
`;
