// Jest Snapshot v1, https://goo.gl/fbAQLP

exports[`Sidebar renders correct props 1`] = `
<DocumentFragment>
  <nav
    role="navigation"
  >
    <form
      class="property-search-form"
    >
      <input
        type="text"
        value=""
      />
      <button
        class="property-search-button"
        type="submit"
      >
        <svg
          aria-hidden="true"
          class="svg-inline--fa fa-search fa-w-16 "
          data-icon="search"
          data-prefix="fas"
          focusable="false"
          role="img"
          viewBox="0 0 512 512"
          xmlns="http://www.w3.org/2000/svg"
        >
          <path
            d="M505 442.7L405.3 343c-4.5-4.5-10.6-7-17-7H372c27.6-35.3 44-79.7 44-128C416 93.1 322.9 0 208 0S0 93.1 0 208s93.1 208 208 208c48.3 0 92.7-16.4 128-44v16.3c0 6.4 2.5 12.5 7 17l99.7 99.7c9.4 9.4 24.6 9.4 33.9 0l28.3-28.3c9.4-9.4 9.4-24.6.1-34zM208 336c-70.7 0-128-57.2-128-128 0-70.7 57.2-128 128-128 70.7 0 128 57.2 128 128 0 70.7-57.2 128-128 128z"
            fill="currentColor"
          />
        </svg>
      </button>
    </form>
    <p>
      View
    </p>
    <p>
      Options
    </p>
    <div
      class="sidebarToggle"
    >
      <input
        name="toggle"
        type="checkbox"
      />
      <label
        for="toggle"
      >
        <span>
          menu
        </span>
        <div />
        <div />
        <div />
      </label>
      <ul
        class="sidebar"
        data-testid="sidebar-id"
      >
        <p
          class="sidebar-title"
        >
          Filter by
        </p>
        <p>
           City
        </p>
        <a
          href="/?query={\\"city\\":\\"Manchester\\"}"
        >
          <li>
            Manchester
          </li>
        </a>
        <a
          href="/?query={\\"city\\":\\"Leeds\\"}"
        >
          <li>
            Leeds
          </li>
        </a>
        <a
          href="/?query={\\"city\\":\\"Shefield\\"}"
        >
          <li>
            Shefield
          </li>
        </a>
        <a
          href="/?query={\\"city\\":\\"Liverpool\\"}"
        >
          <li>
            Liverpool
          </li>
        </a>
        <p
          class="sidebar-title"
        >
          Sort by
        </p>
        <a
          href="/?sort={\\"price\\":1}"
        >
          <li>
            Price Ascending
          </li>
        </a>
        <a
          href="/?sort={\\"price\\":-1}"
        >
          <li>
            Price Descending
          </li>
        </a>
      </ul>
    </div>
  </nav>
</DocumentFragment>
`;
